client/src/pages/AdminDashboard_Old.tsx(939,35): error TS2322: Type '"link"' is not assignable to type '"default" | "destructive" | "secondary" | "outline" | "ghost"'.
client/src/pages/AdminDashboard_Old.tsx(1099,14): error TS2741: Property 'services' is missing in type '{ categories: any[]; onUpdate: () => Promise<void>; }' but required in type 'CategoryManagementProps'.
server/auth-middleware.ts(14,7): error TS2687: All declarations of 'session' must have identical modifiers.
server/auth-middleware.ts(14,7): error TS2717: Subsequent property declarations must have the same type.  Property 'session' must be of type 'Session & Partial<SessionData>', but here has type 'Session & { userId?: string; }'.
server/routes.ts(590,25): error TS2339: Property 'userId' does not exist on type 'Session & Partial<SessionData>'.
server/routes.ts(625,19): error TS2339: Property 'userId' does not exist on type 'Session & Partial<SessionData>'.
server/routes.ts(1072,16): error TS2304: Cannot find name 'toCamelCase'.
server/routes.ts(1084,24): error TS2304: Cannot find name 'toSnakeCase'.
server/routes.ts(1092,16): error TS2304: Cannot find name 'toCamelCase'.
server/routes.ts(1105,23): error TS2304: Cannot find name 'toSnakeCase'.
server/routes.ts(1119,16): error TS2304: Cannot find name 'toCamelCase'.
server/routes.ts(1475,30): error TS2339: Property 'adminId' does not exist on type 'Session & Partial<SessionData>'.
server/routes.ts(1534,37): error TS2551: Property 'createSiteContent' does not exist on type 'DatabaseStorage'. Did you mean 'updateSiteContent'?
server/seed.ts(787,63): error TS2551: Property 'createSiteContent' does not exist on type 'DatabaseStorage'. Did you mean 'updateSiteContent'?
server/storage-db.ts(56,59): error TS2769: No overload matches this call.
  Overload 1 of 2, '(value: { email: string | SQL<unknown> | Placeholder<string, any>; fullName: string | SQL<unknown> | Placeholder<string, any>; }): PgInsertBase<PgTableWithColumns<{ name: "profiles"; schema: undefined; columns: { ...; }; dialect: "pg"; }>, ... 4 more ..., never>', gave the following error.
    Argument of type '{}' is not assignable to parameter of type '{ email: string | SQL<unknown> | Placeholder<string, any>; fullName: string | SQL<unknown> | Placeholder<string, any>; }'.
      Type '{}' is missing the following properties from type '{ email: string | SQL<unknown> | Placeholder<string, any>; fullName: string | SQL<unknown> | Placeholder<string, any>; }': email, fullName
  Overload 2 of 2, '(values: { email: string | SQL<unknown> | Placeholder<string, any>; fullName: string | SQL<unknown> | Placeholder<string, any>; }[]): PgInsertBase<PgTableWithColumns<{ name: "profiles"; schema: undefined; columns: { ...; }; dialect: "pg"; }>, ... 4 more ..., never>', gave the following error.
    Argument of type '{}' is not assignable to parameter of type '{ email: string | SQL<unknown> | Placeholder<string, any>; fullName: string | SQL<unknown> | Placeholder<string, any>; }[]'.
      Type '{}' is missing the following properties from type '{ email: string | SQL<unknown> | Placeholder<string, any>; fullName: string | SQL<unknown> | Placeholder<string, any>; }[]': length, pop, push, concat, and 35 more.
server/storage-db.ts(80,69): error TS2769: No overload matches this call.
  Overload 1 of 2, '(value: { name: string | SQL<unknown> | Placeholder<string, any>; slug: string | SQL<unknown> | Placeholder<string, any>; }): PgInsertBase<PgTableWithColumns<{ name: "categories"; schema: undefined; columns: { ...; }; dialect: "pg"; }>, ... 4 more ..., never>', gave the following error.
    Argument of type '{}' is not assignable to parameter of type '{ name: string | SQL<unknown> | Placeholder<string, any>; slug: string | SQL<unknown> | Placeholder<string, any>; }'.
      Type '{}' is missing the following properties from type '{ name: string | SQL<unknown> | Placeholder<string, any>; slug: string | SQL<unknown> | Placeholder<string, any>; }': name, slug
  Overload 2 of 2, '(values: { name: string | SQL<unknown> | Placeholder<string, any>; slug: string | SQL<unknown> | Placeholder<string, any>; }[]): PgInsertBase<PgTableWithColumns<{ name: "categories"; schema: undefined; columns: { ...; }; dialect: "pg"; }>, ... 4 more ..., never>', gave the following error.
    Argument of type '{}' is not assignable to parameter of type '{ name: string | SQL<unknown> | Placeholder<string, any>; slug: string | SQL<unknown> | Placeholder<string, any>; }[]'.
      Type '{}' is missing the following properties from type '{ name: string | SQL<unknown> | Placeholder<string, any>; slug: string | SQL<unknown> | Placeholder<string, any>; }[]': length, pop, push, concat, and 35 more.
server/storage-db.ts(124,66): error TS2769: No overload matches this call.
  Overload 1 of 2, '(value: { summary: string | SQL<unknown> | Placeholder<string, any>; name: string | SQL<unknown> | Placeholder<string, any>; slug: string | SQL<unknown> | Placeholder<...>; categoryId: string | ... 1 more ... | Placeholder<...>; basePriceInr: string | ... 1 more ... | Placeholder<...>; etaDays: number | ... 1 more ... | Placeholder<...>; }): PgInsertBase<...>', gave the following error.
    Argument of type '{}' is not assignable to parameter of type '{ summary: string | SQL<unknown> | Placeholder<string, any>; name: string | SQL<unknown> | Placeholder<string, any>; slug: string | SQL<unknown> | Placeholder<string, any>; categoryId: string | ... 1 more ... | Placeholder<...>; basePriceInr: string | ... 1 more ... | Placeholder<...>; etaDays: number | ... 1 more ....'.
      Type '{}' is missing the following properties from type '{ summary: string | SQL<unknown> | Placeholder<string, any>; name: string | SQL<unknown> | Placeholder<string, any>; slug: string | SQL<unknown> | Placeholder<string, any>; categoryId: string | ... 1 more ... | Placeholder<...>; basePriceInr: string | ... 1 more ... | Placeholder<...>; etaDays: number | ... 1 more ....': summary, name, slug, categoryId, and 2 more.
  Overload 2 of 2, '(values: { summary: string | SQL<unknown> | Placeholder<string, any>; name: string | SQL<unknown> | Placeholder<string, any>; slug: string | SQL<unknown> | Placeholder<...>; categoryId: string | ... 1 more ... | Placeholder<...>; basePriceInr: string | ... 1 more ... | Placeholder<...>; etaDays: number | ... 1 more ... | Placeholder<...>; }[]): PgInsertBase<...>', gave the following error.
    Argument of type '{}' is not assignable to parameter of type '{ summary: string | SQL<unknown> | Placeholder<string, any>; name: string | SQL<unknown> | Placeholder<string, any>; slug: string | SQL<unknown> | Placeholder<string, any>; categoryId: string | ... 1 more ... | Placeholder<...>; basePriceInr: string | ... 1 more ... | Placeholder<...>; etaDays: number | ... 1 more ....'.
      Type '{}' is missing the following properties from type '{ summary: string | SQL<unknown> | Placeholder<string, any>; name: string | SQL<unknown> | Placeholder<string, any>; slug: string | SQL<unknown> | Placeholder<string, any>; categoryId: string | ... 1 more ... | Placeholder<...>; basePriceInr: string | ... 1 more ... | Placeholder<...>; etaDays: number | ... 1 more ....': length, pop, push, concat, and 35 more.
server/storage-db.ts(163,62): error TS2769: No overload matches this call.
  Overload 1 of 2, '(value: { totalInr: string | SQL<unknown> | Placeholder<string, any>; subtotalInr: string | SQL<unknown> | Placeholder<string, any>; gstInr: string | SQL<unknown> | Placeholder<...>; }): PgInsertBase<...>', gave the following error.
    Argument of type '{}' is not assignable to parameter of type '{ totalInr: string | SQL<unknown> | Placeholder<string, any>; subtotalInr: string | SQL<unknown> | Placeholder<string, any>; gstInr: string | SQL<unknown> | Placeholder<...>; }'.
      Type '{}' is missing the following properties from type '{ totalInr: string | SQL<unknown> | Placeholder<string, any>; subtotalInr: string | SQL<unknown> | Placeholder<string, any>; gstInr: string | SQL<unknown> | Placeholder<...>; }': totalInr, subtotalInr, gstInr
  Overload 2 of 2, '(values: { totalInr: string | SQL<unknown> | Placeholder<string, any>; subtotalInr: string | SQL<unknown> | Placeholder<string, any>; gstInr: string | SQL<unknown> | Placeholder<...>; }[]): PgInsertBase<...>', gave the following error.
    Argument of type '{}' is not assignable to parameter of type '{ totalInr: string | SQL<unknown> | Placeholder<string, any>; subtotalInr: string | SQL<unknown> | Placeholder<string, any>; gstInr: string | SQL<unknown> | Placeholder<...>; }[]'.
      Type '{}' is missing the following properties from type '{ totalInr: string | SQL<unknown> | Placeholder<string, any>; subtotalInr: string | SQL<unknown> | Placeholder<string, any>; gstInr: string | SQL<unknown> | Placeholder<...>; }[]': length, pop, push, concat, and 35 more.
server/storage-db.ts(182,65): error TS2769: No overload matches this call.
  Overload 1 of 2, '(value: { name: string | SQL<unknown> | Placeholder<string, any>; totalInr: string | SQL<unknown> | Placeholder<string, any>; serviceId: string | SQL<unknown> | Placeholder<...>; orderId: string | ... 1 more ... | Placeholder<...>; unitPriceInr: string | ... 1 more ... | Placeholder<...>; }): PgInsertBase<...>', gave the following error.
    Argument of type '{}' is not assignable to parameter of type '{ name: string | SQL<unknown> | Placeholder<string, any>; totalInr: string | SQL<unknown> | Placeholder<string, any>; serviceId: string | SQL<unknown> | Placeholder<...>; orderId: string | ... 1 more ... | Placeholder<...>; unitPriceInr: string | ... 1 more ... | Placeholder<...>; }'.
      Type '{}' is missing the following properties from type '{ name: string | SQL<unknown> | Placeholder<string, any>; totalInr: string | SQL<unknown> | Placeholder<string, any>; serviceId: string | SQL<unknown> | Placeholder<...>; orderId: string | ... 1 more ... | Placeholder<...>; unitPriceInr: string | ... 1 more ... | Placeholder<...>; }': name, totalInr, serviceId, orderId, unitPriceInr
  Overload 2 of 2, '(values: { name: string | SQL<unknown> | Placeholder<string, any>; totalInr: string | SQL<unknown> | Placeholder<string, any>; serviceId: string | SQL<unknown> | Placeholder<...>; orderId: string | ... 1 more ... | Placeholder<...>; unitPriceInr: string | ... 1 more ... | Placeholder<...>; }[]): PgInsertBase<...>', gave the following error.
    Argument of type '{}' is not assignable to parameter of type '{ name: string | SQL<unknown> | Placeholder<string, any>; totalInr: string | SQL<unknown> | Placeholder<string, any>; serviceId: string | SQL<unknown> | Placeholder<...>; orderId: string | ... 1 more ... | Placeholder<...>; unitPriceInr: string | ... 1 more ... | Placeholder<...>; }[]'.
      Type '{}' is missing the following properties from type '{ name: string | SQL<unknown> | Placeholder<string, any>; totalInr: string | SQL<unknown> | Placeholder<string, any>; serviceId: string | SQL<unknown> | Placeholder<...>; orderId: string | ... 1 more ... | Placeholder<...>; unitPriceInr: string | ... 1 more ... | Placeholder<...>; }[]': length, pop, push, concat, and 35 more.
server/storage-db.ts(187,60): error TS2769: No overload matches this call.
  Overload 1 of 2, '(value: { role: string | SQL<unknown> | Placeholder<string, any>; name: string | SQL<unknown> | Placeholder<string, any>; email: string | SQL<unknown> | Placeholder<string, any>; message: string | ... 1 more ... | Placeholder<...>; phone: string | ... 1 more ... | Placeholder<...>; }): PgInsertBase<...>', gave the following error.
    Argument of type '{}' is not assignable to parameter of type '{ role: string | SQL<unknown> | Placeholder<string, any>; name: string | SQL<unknown> | Placeholder<string, any>; email: string | SQL<unknown> | Placeholder<string, any>; message: string | ... 1 more ... | Placeholder<...>; phone: string | ... 1 more ... | Placeholder<...>; }'.
      Type '{}' is missing the following properties from type '{ role: string | SQL<unknown> | Placeholder<string, any>; name: string | SQL<unknown> | Placeholder<string, any>; email: string | SQL<unknown> | Placeholder<string, any>; message: string | ... 1 more ... | Placeholder<...>; phone: string | ... 1 more ... | Placeholder<...>; }': role, name, email, message, phone
  Overload 2 of 2, '(values: { role: string | SQL<unknown> | Placeholder<string, any>; name: string | SQL<unknown> | Placeholder<string, any>; email: string | SQL<unknown> | Placeholder<string, any>; message: string | ... 1 more ... | Placeholder<...>; phone: string | ... 1 more ... | Placeholder<...>; }[]): PgInsertBase<...>', gave the following error.
    Argument of type '{}' is not assignable to parameter of type '{ role: string | SQL<unknown> | Placeholder<string, any>; name: string | SQL<unknown> | Placeholder<string, any>; email: string | SQL<unknown> | Placeholder<string, any>; message: string | ... 1 more ... | Placeholder<...>; phone: string | ... 1 more ... | Placeholder<...>; }[]'.
      Type '{}' is missing the following properties from type '{ role: string | SQL<unknown> | Placeholder<string, any>; name: string | SQL<unknown> | Placeholder<string, any>; email: string | SQL<unknown> | Placeholder<string, any>; message: string | ... 1 more ... | Placeholder<...>; phone: string | ... 1 more ... | Placeholder<...>; }[]': length, pop, push, concat, and 35 more.
server/storage-db.ts(207,8): error TS2339: Property 'where' does not exist on type 'Omit<PgSelectBase<"cart_items", { id: PgColumn<{ name: "id"; tableName: "cart_items"; dataType: "string"; columnType: "PgVarchar"; data: string; driverParam: string; notNull: true; hasDefault: true; isPrimaryKey: true; ... 5 more ...; generated: undefined; }, {}, { ...; }>; sessionId: PgColumn<...>; serviceId: PgCol...'.
server/storage-db.ts(213,16): error TS2353: Object literal may only specify known properties, and 'qty' does not exist in type '{ sessionId?: string | SQL<unknown> | PgColumn<ColumnBaseConfig<ColumnDataType, string>, {}, {}>; serviceId?: string | SQL<unknown> | PgColumn<...>; }'.
server/storage-db.ts(220,64): error TS2769: No overload matches this call.
  Overload 1 of 2, '(value: { sessionId: string | SQL<unknown> | Placeholder<string, any>; serviceId: string | SQL<unknown> | Placeholder<string, any>; }): PgInsertBase<PgTableWithColumns<{ name: "cart_items"; schema: undefined; columns: { ...; }; dialect: "pg"; }>, ... 4 more ..., never>', gave the following error.
    Argument of type '{ sessionId?: string; serviceId?: string; qty?: number; }' is not assignable to parameter of type '{ sessionId: string | SQL<unknown> | Placeholder<string, any>; serviceId: string | SQL<unknown> | Placeholder<string, any>; }'.
      Property 'sessionId' is optional in type '{ sessionId?: string; serviceId?: string; qty?: number; }' but required in type '{ sessionId: string | SQL<unknown> | Placeholder<string, any>; serviceId: string | SQL<unknown> | Placeholder<string, any>; }'.
  Overload 2 of 2, '(values: { sessionId: string | SQL<unknown> | Placeholder<string, any>; serviceId: string | SQL<unknown> | Placeholder<string, any>; }[]): PgInsertBase<PgTableWithColumns<{ name: "cart_items"; schema: undefined; columns: { ...; }; dialect: "pg"; }>, ... 4 more ..., never>', gave the following error.
    Argument of type '{ sessionId?: string; serviceId?: string; qty?: number; }' is not assignable to parameter of type '{ sessionId: string | SQL<unknown> | Placeholder<string, any>; serviceId: string | SQL<unknown> | Placeholder<string, any>; }[]'.
      Type '{ sessionId?: string; serviceId?: string; qty?: number; }' is missing the following properties from type '{ sessionId: string | SQL<unknown> | Placeholder<string, any>; serviceId: string | SQL<unknown> | Placeholder<string, any>; }[]': length, pop, push, concat, and 35 more.
server/storage-db.ts(227,14): error TS2353: Object literal may only specify known properties, and 'qty' does not exist in type '{ sessionId?: string | SQL<unknown> | PgColumn<ColumnBaseConfig<ColumnDataType, string>, {}, {}>; serviceId?: string | SQL<unknown> | PgColumn<...>; }'.
server/storage-db.ts(253,76): error TS2769: No overload matches this call.
  Overload 1 of 2, '(value: { type: string | SQL<unknown> | Placeholder<string, any>; title: string | SQL<unknown> | Placeholder<string, any>; message: string | SQL<unknown> | Placeholder<...>; userId: string | ... 1 more ... | Placeholder<...>; }): PgInsertBase<...>', gave the following error.
    Argument of type '{}' is not assignable to parameter of type '{ type: string | SQL<unknown> | Placeholder<string, any>; title: string | SQL<unknown> | Placeholder<string, any>; message: string | SQL<unknown> | Placeholder<string, any>; userId: string | ... 1 more ... | Placeholder<...>; }'.
      Type '{}' is missing the following properties from type '{ type: string | SQL<unknown> | Placeholder<string, any>; title: string | SQL<unknown> | Placeholder<string, any>; message: string | SQL<unknown> | Placeholder<string, any>; userId: string | ... 1 more ... | Placeholder<...>; }': type, title, message, userId
  Overload 2 of 2, '(values: { type: string | SQL<unknown> | Placeholder<string, any>; title: string | SQL<unknown> | Placeholder<string, any>; message: string | SQL<unknown> | Placeholder<...>; userId: string | ... 1 more ... | Placeholder<...>; }[]): PgInsertBase<...>', gave the following error.
    Argument of type '{}' is not assignable to parameter of type '{ type: string | SQL<unknown> | Placeholder<string, any>; title: string | SQL<unknown> | Placeholder<string, any>; message: string | SQL<unknown> | Placeholder<string, any>; userId: string | ... 1 more ... | Placeholder<...>; }[]'.
      Type '{}' is missing the following properties from type '{ type: string | SQL<unknown> | Placeholder<string, any>; title: string | SQL<unknown> | Placeholder<string, any>; message: string | SQL<unknown> | Placeholder<string, any>; userId: string | ... 1 more ... | Placeholder<...>; }[]': length, pop, push, concat, and 35 more.
server/storage-db.ts(265,14): error TS2353: Object literal may only specify known properties, and 'read' does not exist in type '{ type?: string | SQL<unknown> | PgColumn<ColumnBaseConfig<ColumnDataType, string>, {}, {}>; title?: string | SQL<unknown> | PgColumn<ColumnBaseConfig<ColumnDataType, string>, {}, {}>; message?: string | ... 1 more ... | PgColumn<...>; userId?: string | ... 1 more ... | PgColumn<...>; }'.
server/storage-db.ts(300,67): error TS2769: No overload matches this call.
  Overload 1 of 2, '(value: { userId: string | SQL<unknown> | Placeholder<string, any>; companyName: string | SQL<unknown> | Placeholder<string, any>; contactName: string | SQL<...> | Placeholder<...>; contactEmail: string | ... 1 more ... | Placeholder<...>; businessType: string | ... 1 more ... | Placeholder<...>; }): PgInsertBase<...>', gave the following error.
    Argument of type '{}' is not assignable to parameter of type '{ userId: string | SQL<unknown> | Placeholder<string, any>; companyName: string | SQL<unknown> | Placeholder<string, any>; contactName: string | SQL<unknown> | Placeholder<...>; contactEmail: string | ... 1 more ... | Placeholder<...>; businessType: string | ... 1 more ... | Placeholder<...>; }'.
      Type '{}' is missing the following properties from type '{ userId: string | SQL<unknown> | Placeholder<string, any>; companyName: string | SQL<unknown> | Placeholder<string, any>; contactName: string | SQL<unknown> | Placeholder<...>; contactEmail: string | ... 1 more ... | Placeholder<...>; businessType: string | ... 1 more ... | Placeholder<...>; }': userId, companyName, contactName, contactEmail, businessType
  Overload 2 of 2, '(values: { userId: string | SQL<unknown> | Placeholder<string, any>; companyName: string | SQL<unknown> | Placeholder<string, any>; contactName: string | SQL<...> | Placeholder<...>; contactEmail: string | ... 1 more ... | Placeholder<...>; businessType: string | ... 1 more ... | Placeholder<...>; }[]): PgInsertBase<...>', gave the following error.
    Argument of type '{}' is not assignable to parameter of type '{ userId: string | SQL<unknown> | Placeholder<string, any>; companyName: string | SQL<unknown> | Placeholder<string, any>; contactName: string | SQL<unknown> | Placeholder<...>; contactEmail: string | ... 1 more ... | Placeholder<...>; businessType: string | ... 1 more ... | Placeholder<...>; }[]'.
      Type '{}' is missing the following properties from type '{ userId: string | SQL<unknown> | Placeholder<string, any>; companyName: string | SQL<unknown> | Placeholder<string, any>; contactName: string | SQL<unknown> | Placeholder<...>; contactEmail: string | ... 1 more ... | Placeholder<...>; businessType: string | ... 1 more ... | Placeholder<...>; }[]': length, pop, push, concat, and 35 more.
server/storage-db.ts(307,26): error TS2353: Object literal may only specify known properties, and 'updatedAt' does not exist in type '{ userId?: string | SQL<unknown> | PgColumn<ColumnBaseConfig<ColumnDataType, string>, {}, {}>; companyName?: string | SQL<unknown> | PgColumn<...>; contactName?: string | ... 1 more ... | PgColumn<...>; contactEmail?: string | ... 1 more ... | PgColumn<...>; businessType?: string | ... 1 more ... | PgColumn<...>; }'.
server/storage-db.ts(330,83): error TS2769: No overload matches this call.
  Overload 1 of 2, '(value: { companyId: string | SQL<unknown> | Placeholder<string, any>; }): PgInsertBase<PgTableWithColumns<{ name: "company_subscriptions"; schema: undefined; columns: { id: PgColumn<{ name: "id"; tableName: "company_subscriptions"; ... 12 more ...; generated: undefined; }, {}, { ...; }>; ... 9 more ...; createdAt: PgColumn<...>; }; dialect: "pg"; }>, ... 4 more ..., never>', gave the following error.
    Argument of type '{}' is not assignable to parameter of type '{ companyId: string | SQL<unknown> | Placeholder<string, any>; }'.
      Property 'companyId' is missing in type '{}' but required in type '{ companyId: string | SQL<unknown> | Placeholder<string, any>; }'.
  Overload 2 of 2, '(values: { companyId: string | SQL<unknown> | Placeholder<string, any>; }[]): PgInsertBase<PgTableWithColumns<{ name: "company_subscriptions"; schema: undefined; columns: { id: PgColumn<{ name: "id"; tableName: "company_subscriptions"; ... 12 more ...; generated: undefined; }, {}, { ...; }>; ... 9 more ...; createdAt: PgColumn<...>; }; dialect: "pg"; }>, ... 4 more ..., never>', gave the following error.
    Argument of type '{}' is not assignable to parameter of type '{ companyId: string | SQL<unknown> | Placeholder<string, any>; }[]'.
      Type '{}' is missing the following properties from type '{ companyId: string | SQL<unknown> | Placeholder<string, any>; }[]': length, pop, push, concat, and 35 more.
server/storage-db.ts(384,66): error TS2769: No overload matches this call.
  Overload 1 of 2, '(value: { title: string | SQL<unknown> | Placeholder<string, any>; description: string | SQL<unknown> | Placeholder<string, any>; slug: string | SQL<unknown> | Placeholder<...>; roleType: string | ... 1 more ... | Placeholder<...>; experienceLevel: string | ... 1 more ... | Placeholder<...>; locationType: string | ... 1 more ... | Placeholder<...>; companyId: string | ... 1 more ... | Placeholder<...>; }): PgInsertBase<...>', gave the following error.
    Argument of type '{}' is not assignable to parameter of type '{ title: string | SQL<unknown> | Placeholder<string, any>; description: string | SQL<unknown> | Placeholder<string, any>; slug: string | SQL<unknown> | Placeholder<...>; roleType: string | ... 1 more ... | Placeholder<...>; experienceLevel: string | ... 1 more ... | Placeholder<...>; locationType: string | ... 1 mor...'.
      Type '{}' is missing the following properties from type '{ title: string | SQL<unknown> | Placeholder<string, any>; description: string | SQL<unknown> | Placeholder<string, any>; slug: string | SQL<unknown> | Placeholder<...>; roleType: string | ... 1 more ... | Placeholder<...>; experienceLevel: string | ... 1 more ... | Placeholder<...>; locationType: string | ... 1 mor...': title, description, slug, roleType, and 3 more.
  Overload 2 of 2, '(values: { title: string | SQL<unknown> | Placeholder<string, any>; description: string | SQL<unknown> | Placeholder<string, any>; slug: string | SQL<unknown> | Placeholder<...>; roleType: string | ... 1 more ... | Placeholder<...>; experienceLevel: string | ... 1 more ... | Placeholder<...>; locationType: string | ... 1 more ... | Placeholder<...>; companyId: string | ... 1 more ... | Placeholder<...>; }[]): PgInsertBase<...>', gave the following error.
    Argument of type '{}' is not assignable to parameter of type '{ title: string | SQL<unknown> | Placeholder<string, any>; description: string | SQL<unknown> | Placeholder<string, any>; slug: string | SQL<unknown> | Placeholder<...>; roleType: string | ... 1 more ... | Placeholder<...>; experienceLevel: string | ... 1 more ... | Placeholder<...>; locationType: string | ... 1 mor...'.
      Type '{}' is missing the following properties from type '{ title: string | SQL<unknown> | Placeholder<string, any>; description: string | SQL<unknown> | Placeholder<string, any>; slug: string | SQL<unknown> | Placeholder<...>; roleType: string | ... 1 more ... | Placeholder<...>; experienceLevel: string | ... 1 more ... | Placeholder<...>; locationType: string | ... 1 mor...': length, pop, push, concat, and 35 more.
server/storage-db.ts(391,26): error TS2353: Object literal may only specify known properties, and 'updatedAt' does not exist in type '{ title?: string | SQL<unknown> | PgColumn<ColumnBaseConfig<ColumnDataType, string>, {}, {}>; description?: string | SQL<unknown> | PgColumn<...>; ... 4 more ...; companyId?: string | ... 1 more ... | PgColumn<...>; }'.
server/storage-db.ts(421,73): error TS2769: No overload matches this call.
  Overload 1 of 2, '(value: { companyId: string | SQL<unknown> | Placeholder<string, any>; jobPostId: string | SQL<unknown> | Placeholder<string, any>; }): PgInsertBase<PgTableWithColumns<{ name: "job_post_payments"; schema: undefined; columns: { ...; }; dialect: "pg"; }>, ... 4 more ..., never>', gave the following error.
    Argument of type '{}' is not assignable to parameter of type '{ companyId: string | SQL<unknown> | Placeholder<string, any>; jobPostId: string | SQL<unknown> | Placeholder<string, any>; }'.
      Type '{}' is missing the following properties from type '{ companyId: string | SQL<unknown> | Placeholder<string, any>; jobPostId: string | SQL<unknown> | Placeholder<string, any>; }': companyId, jobPostId
  Overload 2 of 2, '(values: { companyId: string | SQL<unknown> | Placeholder<string, any>; jobPostId: string | SQL<unknown> | Placeholder<string, any>; }[]): PgInsertBase<PgTableWithColumns<{ name: "job_post_payments"; schema: undefined; columns: { ...; }; dialect: "pg"; }>, ... 4 more ..., never>', gave the following error.
    Argument of type '{}' is not assignable to parameter of type '{ companyId: string | SQL<unknown> | Placeholder<string, any>; jobPostId: string | SQL<unknown> | Placeholder<string, any>; }[]'.
      Type '{}' is missing the following properties from type '{ companyId: string | SQL<unknown> | Placeholder<string, any>; jobPostId: string | SQL<unknown> | Placeholder<string, any>; }[]': length, pop, push, concat, and 35 more.
server/storage-db.ts(457,77): error TS2769: No overload matches this call.
  Overload 1 of 2, '(value: { email: string | SQL<unknown> | Placeholder<string, any>; companyId: string | SQL<unknown> | Placeholder<string, any>; fullName: string | SQL<unknown> | Placeholder<...>; phone: string | ... 1 more ... | Placeholder<...>; jobPostId: string | ... 1 more ... | Placeholder<...>; candidateId: string | ... 1 more ... | Placeholder<...>; cvUrl: string | ... 1 more ... | Placeholder<...>; }): PgInsertBase<...>', gave the following error.
    Argument of type '{}' is not assignable to parameter of type '{ email: string | SQL<unknown> | Placeholder<string, any>; companyId: string | SQL<unknown> | Placeholder<string, any>; fullName: string | SQL<unknown> | Placeholder<...>; phone: string | ... 1 more ... | Placeholder<...>; jobPostId: string | ... 1 more ... | Placeholder<...>; candidateId: string | ... 1 more ... | ...'.
      Type '{}' is missing the following properties from type '{ email: string | SQL<unknown> | Placeholder<string, any>; companyId: string | SQL<unknown> | Placeholder<string, any>; fullName: string | SQL<unknown> | Placeholder<...>; phone: string | ... 1 more ... | Placeholder<...>; jobPostId: string | ... 1 more ... | Placeholder<...>; candidateId: string | ... 1 more ... | ...': email, companyId, fullName, phone, and 3 more.
  Overload 2 of 2, '(values: { email: string | SQL<unknown> | Placeholder<string, any>; companyId: string | SQL<unknown> | Placeholder<string, any>; fullName: string | SQL<unknown> | Placeholder<...>; phone: string | ... 1 more ... | Placeholder<...>; jobPostId: string | ... 1 more ... | Placeholder<...>; candidateId: string | ... 1 more ... | Placeholder<...>; cvUrl: string | ... 1 more ... | Placeholder<...>; }[]): PgInsertBase<...>', gave the following error.
    Argument of type '{}' is not assignable to parameter of type '{ email: string | SQL<unknown> | Placeholder<string, any>; companyId: string | SQL<unknown> | Placeholder<string, any>; fullName: string | SQL<unknown> | Placeholder<...>; phone: string | ... 1 more ... | Placeholder<...>; jobPostId: string | ... 1 more ... | Placeholder<...>; candidateId: string | ... 1 more ... | ...'.
      Type '{}' is missing the following properties from type '{ email: string | SQL<unknown> | Placeholder<string, any>; companyId: string | SQL<unknown> | Placeholder<string, any>; fullName: string | SQL<unknown> | Placeholder<...>; phone: string | ... 1 more ... | Placeholder<...>; jobPostId: string | ... 1 more ... | Placeholder<...>; candidateId: string | ... 1 more ... | ...': length, pop, push, concat, and 35 more.
server/storage-db.ts(464,26): error TS2353: Object literal may only specify known properties, and 'updatedAt' does not exist in type '{ email?: string | SQL<unknown> | PgColumn<ColumnBaseConfig<ColumnDataType, string>, {}, {}>; companyId?: string | SQL<unknown> | PgColumn<...>; ... 4 more ...; cvUrl?: string | ... 1 more ... | PgColumn<...>; }'.
server/storage-db.ts(475,8): error TS2339: Property 'where' does not exist on type 'Omit<PgSelectBase<"job_applications", { id: PgColumn<{ name: "id"; tableName: "job_applications"; dataType: "string"; columnType: "PgVarchar"; data: string; driverParam: string; notNull: true; hasDefault: true; ... 6 more ...; generated: undefined; }, {}, { ...; }>; ... 18 more ...; updatedAt: PgColumn<...>; }, ... ...'.
server/storage-db.ts(486,68): error TS2769: No overload matches this call.
  Overload 1 of 2, '(value: { userId: string | SQL<unknown> | Placeholder<string, any>; jobPostId: string | SQL<unknown> | Placeholder<string, any>; }): PgInsertBase<PgTableWithColumns<{ name: "saved_jobs"; schema: undefined; columns: { ...; }; dialect: "pg"; }>, ... 4 more ..., never>', gave the following error.
    Argument of type '{}' is not assignable to parameter of type '{ userId: string | SQL<unknown> | Placeholder<string, any>; jobPostId: string | SQL<unknown> | Placeholder<string, any>; }'.
      Type '{}' is missing the following properties from type '{ userId: string | SQL<unknown> | Placeholder<string, any>; jobPostId: string | SQL<unknown> | Placeholder<string, any>; }': userId, jobPostId
  Overload 2 of 2, '(values: { userId: string | SQL<unknown> | Placeholder<string, any>; jobPostId: string | SQL<unknown> | Placeholder<string, any>; }[]): PgInsertBase<PgTableWithColumns<{ name: "saved_jobs"; schema: undefined; columns: { ...; }; dialect: "pg"; }>, ... 4 more ..., never>', gave the following error.
    Argument of type '{}' is not assignable to parameter of type '{ userId: string | SQL<unknown> | Placeholder<string, any>; jobPostId: string | SQL<unknown> | Placeholder<string, any>; }[]'.
      Type '{}' is missing the following properties from type '{ userId: string | SQL<unknown> | Placeholder<string, any>; jobPostId: string | SQL<unknown> | Placeholder<string, any>; }[]': length, pop, push, concat, and 35 more.
server/storage-db.ts(494,8): error TS2339: Property 'where' does not exist on type 'Omit<PgDeleteBase<PgTableWithColumns<{ name: "saved_jobs"; schema: undefined; columns: { id: PgColumn<{ name: "id"; tableName: "saved_jobs"; dataType: "string"; columnType: "PgVarchar"; data: string; driverParam: string; notNull: true; ... 7 more ...; generated: undefined; }, {}, { ...; }>; userId: PgColumn<...>; jo...'.
server/storage-db.ts(504,8): error TS2339: Property 'where' does not exist on type 'Omit<PgSelectBase<"saved_jobs", { id: PgColumn<{ name: "id"; tableName: "saved_jobs"; dataType: "string"; columnType: "PgVarchar"; data: string; driverParam: string; notNull: true; hasDefault: true; isPrimaryKey: true; ... 5 more ...; generated: undefined; }, {}, { ...; }>; userId: PgColumn<...>; jobPostId: PgColumn...'.
server/storage-db.ts(515,77): error TS2769: No overload matches this call.
  Overload 1 of 2, '(value: { companyId: string | SQL<unknown> | Placeholder<string, any>; userId: string | SQL<unknown> | Placeholder<string, any>; }): PgInsertBase<PgTableWithColumns<{ name: "saved_companies"; schema: undefined; columns: { ...; }; dialect: "pg"; }>, ... 4 more ..., never>', gave the following error.
    Argument of type '{}' is not assignable to parameter of type '{ companyId: string | SQL<unknown> | Placeholder<string, any>; userId: string | SQL<unknown> | Placeholder<string, any>; }'.
      Type '{}' is missing the following properties from type '{ companyId: string | SQL<unknown> | Placeholder<string, any>; userId: string | SQL<unknown> | Placeholder<string, any>; }': companyId, userId
  Overload 2 of 2, '(values: { companyId: string | SQL<unknown> | Placeholder<string, any>; userId: string | SQL<unknown> | Placeholder<string, any>; }[]): PgInsertBase<PgTableWithColumns<{ name: "saved_companies"; schema: undefined; columns: { ...; }; dialect: "pg"; }>, ... 4 more ..., never>', gave the following error.
    Argument of type '{}' is not assignable to parameter of type '{ companyId: string | SQL<unknown> | Placeholder<string, any>; userId: string | SQL<unknown> | Placeholder<string, any>; }[]'.
      Type '{}' is missing the following properties from type '{ companyId: string | SQL<unknown> | Placeholder<string, any>; userId: string | SQL<unknown> | Placeholder<string, any>; }[]': length, pop, push, concat, and 35 more.
server/storage-db.ts(523,8): error TS2339: Property 'where' does not exist on type 'Omit<PgDeleteBase<PgTableWithColumns<{ name: "saved_companies"; schema: undefined; columns: { id: PgColumn<{ name: "id"; tableName: "saved_companies"; dataType: "string"; columnType: "PgVarchar"; data: string; driverParam: string; ... 8 more ...; generated: undefined; }, {}, { ...; }>; userId: PgColumn<...>; company...'.
server/storage-db.ts(530,68): error TS2769: No overload matches this call.
  Overload 1 of 2, '(value: { applicationId: string | SQL<unknown> | Placeholder<string, any>; downloadedBy: string | SQL<unknown> | Placeholder<string, any>; }): PgInsertBase<PgTableWithColumns<{ ...; }>, ... 4 more ..., never>', gave the following error.
    Argument of type '{}' is not assignable to parameter of type '{ applicationId: string | SQL<unknown> | Placeholder<string, any>; downloadedBy: string | SQL<unknown> | Placeholder<string, any>; }'.
      Type '{}' is missing the following properties from type '{ applicationId: string | SQL<unknown> | Placeholder<string, any>; downloadedBy: string | SQL<unknown> | Placeholder<string, any>; }': applicationId, downloadedBy
  Overload 2 of 2, '(values: { applicationId: string | SQL<unknown> | Placeholder<string, any>; downloadedBy: string | SQL<unknown> | Placeholder<string, any>; }[]): PgInsertBase<PgTableWithColumns<...>, ... 4 more ..., never>', gave the following error.
    Argument of type '{}' is not assignable to parameter of type '{ applicationId: string | SQL<unknown> | Placeholder<string, any>; downloadedBy: string | SQL<unknown> | Placeholder<string, any>; }[]'.
      Type '{}' is missing the following properties from type '{ applicationId: string | SQL<unknown> | Placeholder<string, any>; downloadedBy: string | SQL<unknown> | Placeholder<string, any>; }[]': length, pop, push, concat, and 35 more.
server/storage.ts(124,31): error TS2339: Property 'fullName' does not exist on type '{}'.
server/storage.ts(125,28): error TS2339: Property 'email' does not exist on type '{}'.
server/storage.ts(126,28): error TS2339: Property 'phone' does not exist on type '{}'.
server/storage.ts(127,27): error TS2339: Property 'role' does not exist on type '{}'.
server/storage.ts(154,28): error TS2339: Property 'slug' does not exist on type '{}'.
server/storage.ts(155,28): error TS2339: Property 'name' does not exist on type '{}'.
server/storage.ts(156,35): error TS2339: Property 'description' does not exist on type '{}'.
server/storage.ts(157,33): error TS2339: Property 'sortOrder' does not exist on type '{}'.
server/storage.ts(188,33): error TS2339: Property 'categoryId' does not exist on type '{}'.
server/storage.ts(189,27): error TS2339: Property 'slug' does not exist on type '{}'.
server/storage.ts(190,27): error TS2339: Property 'name' does not exist on type '{}'.
server/storage.ts(191,30): error TS2339: Property 'summary' does not exist on type '{}'.
server/storage.ts(192,38): error TS2339: Property 'longDescription' does not exist on type '{}'.
server/storage.ts(193,35): error TS2339: Property 'basePriceInr' does not exist on type '{}'.
server/storage.ts(194,26): error TS2339: Property 'sku' does not exist on type '{}'.
server/storage.ts(195,30): error TS2339: Property 'etaDays' does not exist on type '{}'.
server/storage.ts(196,27): error TS2339: Property 'icon' does not exist on type '{}'.
server/storage.ts(197,29): error TS2339: Property 'active' does not exist on type '{}'.
server/storage.ts(198,30): error TS2339: Property 'problem' does not exist on type '{}'.
server/storage.ts(199,30): error TS2339: Property 'outcome' does not exist on type '{}'.
server/storage.ts(200,31): error TS2339: Property 'includes' does not exist on type '{}'.
server/storage.ts(201,36): error TS2339: Property 'prerequisites' does not exist on type '{}'.
server/storage.ts(202,31): error TS2339: Property 'timeline' does not exist on type '{}'.
server/storage.ts(203,27): error TS2339: Property 'faqs' does not exist on type '{}'.
server/storage.ts(240,27): error TS2339: Property 'userId' does not exist on type '{}'.
server/storage.ts(241,30): error TS2339: Property 'sessionId' does not exist on type '{}'.
server/storage.ts(242,27): error TS2339: Property 'status' does not exist on type '{}'.
server/storage.ts(243,32): error TS2339: Property 'subtotalInr' does not exist on type '{}'.
server/storage.ts(244,27): error TS2339: Property 'gstInr' does not exist on type '{}'.
server/storage.ts(245,29): error TS2339: Property 'totalInr' does not exist on type '{}'.
server/storage.ts(246,36): error TS2339: Property 'razorpayOrderId' does not exist on type '{}'.
server/storage.ts(247,38): error TS2339: Property 'razorpayPaymentId' does not exist on type '{}'.
server/storage.ts(248,38): error TS2339: Property 'razorpaySignature' does not exist on type '{}'.
server/storage.ts(249,33): error TS2339: Property 'customerName' does not exist on type '{}'.
server/storage.ts(250,34): error TS2339: Property 'customerEmail' does not exist on type '{}'.
server/storage.ts(251,34): error TS2339: Property 'customerPhone' does not exist on type '{}'.
server/storage.ts(252,36): error TS2339: Property 'customerAddress' does not exist on type '{}'.
server/storage.ts(275,32): error TS2339: Property 'orderId' does not exist on type '{}'.
server/storage.ts(276,34): error TS2339: Property 'serviceId' does not exist on type '{}'.
server/storage.ts(277,29): error TS2339: Property 'name' does not exist on type '{}'.
server/storage.ts(278,37): error TS2339: Property 'unitPriceInr' does not exist on type '{}'.
server/storage.ts(279,28): error TS2339: Property 'qty' does not exist on type '{}'.
server/storage.ts(280,33): error TS2339: Property 'totalInr' does not exist on type '{}'.
server/storage.ts(291,26): error TS2339: Property 'userId' does not exist on type '{}'.
server/storage.ts(292,24): error TS2339: Property 'name' does not exist on type '{}'.
server/storage.ts(293,25): error TS2339: Property 'email' does not exist on type '{}'.
server/storage.ts(294,25): error TS2339: Property 'phone' does not exist on type '{}'.
server/storage.ts(295,24): error TS2339: Property 'role' does not exist on type '{}'.
server/storage.ts(296,27): error TS2339: Property 'message' does not exist on type '{}'.
server/storage.ts(297,24): error TS2339: Property 'kind' does not exist on type '{}'.
server/storage.ts(298,31): error TS2339: Property 'capturedVia' does not exist on type '{}'.
server/storage.ts(299,28): error TS2339: Property 'metadata' does not exist on type '{}'.
server/storage.ts(386,34): error TS2339: Property 'userId' does not exist on type '{}'.
server/storage.ts(387,32): error TS2339: Property 'type' does not exist on type '{}'.
server/storage.ts(388,33): error TS2339: Property 'title' does not exist on type '{}'.
server/storage.ts(389,35): error TS2339: Property 'message' does not exist on type '{}'.
server/storage.ts(390,37): error TS2339: Property 'actionUrl' does not exist on type '{}'.
shared/schema.ts(336,72): error TS2322: Type 'boolean' is not assignable to type 'never'.
shared/schema.ts(336,82): error TS2322: Type 'boolean' is not assignable to type 'never'.
shared/schema.ts(337,75): error TS2322: Type 'boolean' is not assignable to type 'never'.
shared/schema.ts(337,85): error TS2322: Type 'boolean' is not assignable to type 'never'.
shared/schema.ts(338,72): error TS2322: Type 'boolean' is not assignable to type 'never'.
shared/schema.ts(338,82): error TS2322: Type 'boolean' is not assignable to type 'never'.
shared/schema.ts(339,68): error TS2322: Type 'boolean' is not assignable to type 'never'.
shared/schema.ts(339,78): error TS2322: Type 'boolean' is not assignable to type 'never'.
shared/schema.ts(340,76): error TS2322: Type 'boolean' is not assignable to type 'never'.
shared/schema.ts(340,86): error TS2322: Type 'boolean' is not assignable to type 'never'.
shared/schema.ts(341,66): error TS2322: Type 'boolean' is not assignable to type 'never'.
shared/schema.ts(341,76): error TS2322: Type 'boolean' is not assignable to type 'never'.
shared/schema.ts(342,74): error TS2322: Type 'boolean' is not assignable to type 'never'.
shared/schema.ts(342,84): error TS2322: Type 'boolean' is not assignable to type 'never'.
shared/schema.ts(347,82): error TS2322: Type 'boolean' is not assignable to type 'never'.
shared/schema.ts(347,92): error TS2322: Type 'boolean' is not assignable to type 'never'.
shared/schema.ts(348,103): error TS2322: Type 'boolean' is not assignable to type 'never'.
shared/schema.ts(348,113): error TS2322: Type 'boolean' is not assignable to type 'never'.
shared/schema.ts(349,74): error TS2322: Type 'boolean' is not assignable to type 'never'.
shared/schema.ts(349,84): error TS2322: Type 'boolean' is not assignable to type 'never'.
shared/schema.ts(350,70): error TS2322: Type 'boolean' is not assignable to type 'never'.
shared/schema.ts(350,80): error TS2322: Type 'boolean' is not assignable to type 'never'.
shared/schema.ts(350,97): error TS2322: Type 'boolean' is not assignable to type 'never'.
shared/schema.ts(351,81): error TS2322: Type 'boolean' is not assignable to type 'never'.
shared/schema.ts(351,91): error TS2322: Type 'boolean' is not assignable to type 'never'.
shared/schema.ts(352,74): error TS2322: Type 'boolean' is not assignable to type 'never'.
shared/schema.ts(352,84): error TS2322: Type 'boolean' is not assignable to type 'never'.
shared/schema.ts(353,90): error TS2322: Type 'boolean' is not assignable to type 'never'.
shared/schema.ts(353,100): error TS2322: Type 'boolean' is not assignable to type 'never'.
shared/schema.ts(354,90): error TS2322: Type 'boolean' is not assignable to type 'never'.
shared/schema.ts(354,100): error TS2322: Type 'boolean' is not assignable to type 'never'.
shared/schema.ts(355,79): error TS2322: Type 'boolean' is not assignable to type 'never'.
shared/schema.ts(355,89): error TS2322: Type 'boolean' is not assignable to type 'never'.
shared/schema.ts(355,106): error TS2322: Type 'boolean' is not assignable to type 'never'.
shared/schema.ts(358,73): error TS2322: Type 'boolean' is not assignable to type 'never'.
shared/schema.ts(358,83): error TS2322: Type 'boolean' is not assignable to type 'never'.
shared/schema.ts(358,100): error TS2322: Type 'boolean' is not assignable to type 'never'.
shared/schema.ts(359,96): error TS2322: Type 'boolean' is not assignable to type 'never'.
shared/schema.ts(359,106): error TS2322: Type 'boolean' is not assignable to type 'never'.
shared/schema.ts(360,72): error TS2322: Type 'boolean' is not assignable to type 'never'.
shared/schema.ts(360,82): error TS2322: Type 'boolean' is not assignable to type 'never'.
shared/schema.ts(360,99): error TS2322: Type 'boolean' is not assignable to type 'never'.
shared/schema.ts(361,86): error TS2322: Type 'boolean' is not assignable to type 'never'.
shared/schema.ts(361,96): error TS2322: Type 'boolean' is not assignable to type 'never'.
shared/schema.ts(362,86): error TS2322: Type 'boolean' is not assignable to type 'never'.
shared/schema.ts(362,96): error TS2322: Type 'boolean' is not assignable to type 'never'.
shared/schema.ts(362,113): error TS2322: Type 'boolean' is not assignable to type 'never'.
shared/schema.ts(363,74): error TS2322: Type 'boolean' is not assignable to type 'never'.
shared/schema.ts(363,84): error TS2322: Type 'boolean' is not assignable to type 'never'.
shared/schema.ts(364,83): error TS2322: Type 'boolean' is not assignable to type 'never'.
shared/schema.ts(364,93): error TS2322: Type 'boolean' is not assignable to type 'never'.
shared/schema.ts(365,84): error TS2322: Type 'boolean' is not assignable to type 'never'.
shared/schema.ts(365,94): error TS2322: Type 'boolean' is not assignable to type 'never'.
